// Jest Snapshot v1, https://goo.gl/fbAQLP

exports[`Product component renders correctly 1`] = `
<DocumentFragment>
  <div
    class="product-dashboard"
  >
    <div
      class="page-404"
    >
      The page you are looking for was not found.
    </div>
  </div>
</DocumentFragment>
`;

exports[`Product component renders loading state correctly 1`] = `
<DocumentFragment>
  <div
    class="product-dashboard"
  >
    <div
      class="page-404"
    >
      The page you are looking for was not found.
    </div>
  </div>
</DocumentFragment>
`;

exports[`Product component renders with product data 1`] = `
<DocumentFragment>
  <div
    class="product-dashboard"
  >
    <div
      class="page-404"
    >
      The page you are looking for was not found.
    </div>
  </div>
</DocumentFragment>
`;
