// Jest Snapshot v1, https://goo.gl/fbAQLP

exports[`Input component matches snapshot 1`] = `
<DocumentFragment>
  <div
    class="spinner-container position-fixed overlay "
  >
    <div
      class="spinner position-fixed overlay"
    />
  </div>
</DocumentFragment>
`;
