// Jest Snapshot v1, https://goo.gl/fbAQLP

exports[`NotFound component matches snapshot 1`] = `
<DocumentFragment>
  <div
    class="not-found "
  />
</DocumentFragment>
`;
