// Jest Snapshot v1, https://goo.gl/fbAQLP

exports[`Pagination component matches snapshot 1`] = `
<DocumentFragment>
  <div
    class="pagination-box"
  >
    <ul
      class="pagination"
    >
      <li
        class="page-item disabled"
      >
        <a
          aria-disabled="true"
          aria-label="Previous page"
          class="page-link "
          rel="prev"
          role="button"
          tabindex="-1"
        >
          &lt; previous
        </a>
      </li>
      <li
        class="page-item active"
      >
        <a
          aria-current="page"
          aria-label="Page 1 is your current page"
          class="page-link"
          rel="canonical"
          role="button"
          tabindex="-1"
        >
          1
        </a>
      </li>
      <li
        class="page-item"
      >
        <a
          aria-label="Page 2"
          class="page-link"
          rel="next"
          role="button"
          tabindex="0"
        >
          2
        </a>
      </li>
      <li
        class="page-item"
      >
        <a
          aria-label="Page 3"
          class="page-link"
          role="button"
          tabindex="0"
        >
          3
        </a>
      </li>
      <li
        class="page-item"
      >
        <a
          aria-label="Page 4"
          class="page-link"
          role="button"
          tabindex="0"
        >
          4
        </a>
      </li>
      <li
        class="page-item"
      >
        <a
          aria-label="Page 5"
          class="page-link"
          role="button"
          tabindex="0"
        >
          5
        </a>
      </li>
      <li
        class="page-item"
      >
        <a
          aria-disabled="false"
          aria-label="Next page"
          class="page-link"
          rel="next"
          role="button"
          tabindex="0"
        >
          next &gt;
        </a>
      </li>
    </ul>
  </div>
</DocumentFragment>
`;
