// Jest Snapshot v1, https://goo.gl/fbAQLP

exports[`Page404 component matches snapshot 1`] = `
<DocumentFragment>
  <div
    class="page-404"
  >
    The page you are looking for was not found.
  </div>
</DocumentFragment>
`;
